&&&& RUNNING TensorRT.trtexec [TensorRT v100800] [b43] # trtexec --onnx=/home/jjateen/.pipegen/jjateen97/81a5670e-0f65-4a7c-b218-95fe113eee09/src1/ONNX-YOLOv8-Object-Detection/models/yolov8m.onnx --fp16 --saveEngine=/home/jjateen/personal/pipegen/adas-lite/pipelines/engines/yolov8m.fp16.engine
[08/08/2026-09:17:33] [I] === Model Options ===
[08/08/2026-09:17:33] [I] Format: ONNX
[08/08/2026-09:17:33] [I] Model: /home/jjateen/.pipegen/jjateen97/81a5670e-0f65-4a7c-b218-95fe113eee09/src1/ONNX-YOLOv8-Object-Detection/models/yolov8m.onnx
[08/08/2026-09:17:33] [I] Output:
[08/08/2026-09:17:33] [I] === Build Options ===
[08/08/2026-09:17:33] [I] Memory Pools: workspace: default, dlaSRAM: default, dlaLocalDRAM: default, dlaGlobalDRAM: default, tacticSharedMem: default
[08/08/2026-09:17:33] [I] avgTiming: 8
[08/08/2026-09:17:33] [I] Precision: FP32+FP16
[08/08/2026-09:17:33] [I] LayerPrecisions: 
[08/08/2026-09:17:33] [I] Layer Device Types: 
[08/08/2026-09:17:33] [I] Calibration: 
[08/08/2026-09:17:33] [I] Refit: Disabled
[08/08/2026-09:17:33] [I] Strip weights: Disabled
[08/08/2026-09:17:33] [I] Version Compatible: Disabled
[08/08/2026-09:17:33] [I] ONNX Plugin InstanceNorm: Disabled
[08/08/2026-09:17:33] [I] TensorRT runtime: full
[08/08/2026-09:17:33] [I] Lean DLL Path: 
[08/08/2026-09:17:33] [I] Tempfile Controls: { in_memory: allow, temporary: allow }
[08/08/2026-09:17:33] [I] Exclude Lean Runtime: Disabled
[08/08/2026-09:17:33] [I] Sparsity: Disabled
[08/08/2026-09:17:33] [I] Safe mode: Disabled
[08/08/2026-09:17:33] [I] Build DLA standalone loadable: Disabled
[08/08/2026-09:17:33] [I] Allow GPU fallback for DLA: Disabled
[08/08/2026-09:17:33] [I] DirectIO mode: Disabled
[08/08/2026-09:17:33] [I] Restricted mode: Disabled
[08/08/2026-09:17:33] [I] Skip inference: Disabled
[08/08/2026-09:17:33] [I] Save engine: /home/jjateen/personal/pipegen/adas-lite/pipelines/engines/yolov8m.fp16.engine
[08/08/2026-09:17:33] [I] Load engine: 
[08/08/2026-09:17:33] [I] Profiling verbosity: 0
[08/08/2026-09:17:33] [I] Tactic sources: Using default tactic sources
[08/08/2026-09:17:33] [I] timingCacheMode: local
[08/08/2026-09:17:33] [I] timingCacheFile: 
[08/08/2026-09:17:33] [I] Enable Compilation Cache: Enabled
[08/08/2026-09:17:33] [I] Enable Monitor Memory: Disabled
[08/08/2026-09:17:33] [I] errorOnTimingCacheMiss: Disabled
[08/08/2026-09:17:33] [I] Preview Features: Use default preview flags.
[08/08/2026-09:17:33] [I] MaxAuxStreams: -1
[08/08/2026-09:17:33] [I] BuilderOptimizationLevel: -1
[08/08/2026-09:17:33] [I] MaxTactics: -1
[08/08/2026-09:17:33] [I] Calibration Profile Index: 0
[08/08/2026-09:17:33] [I] Weight Streaming: Disabled
[08/08/2026-09:17:33] [I] Runtime Platform: Same As Build
[08/08/2026-09:17:33] [I] Debug Tensors: 
[08/08/2026-09:17:33] [I] Input(s)s format: fp32:CHW
[08/08/2026-09:17:33] [I] Output(s)s format: fp32:CHW
[08/08/2026-09:17:33] [I] Input build shapes: model
[08/08/2026-09:17:33] [I] Input calibration shapes: model
[08/08/2026-09:17:33] [I] === System Options ===
[08/08/2026-09:17:33] [I] Device: 0
[08/08/2026-09:17:33] [I] DLACore: 
[08/08/2026-09:17:33] [I] Plugins:
[08/08/2026-09:17:33] [I] setPluginsToSerialize:
[08/08/2026-09:17:33] [I] dynamicPlugins:
[08/08/2026-09:17:33] [I] ignoreParsedPluginLibs: 0
[08/08/2026-09:17:33] [I] 
[08/08/2026-09:17:33] [I] === Inference Options ===
[08/08/2026-09:17:33] [I] Batch: Explicit
[08/08/2026-09:17:33] [I] Input inference shapes: model
[08/08/2026-09:17:33] [I] Iterations: 10
[08/08/2026-09:17:33] [I] Duration: 3s (+ 200ms warm up)
[08/08/2026-09:17:33] [I] Sleep time: 0ms
[08/08/2026-09:17:33] [I] Idle time: 0ms
[08/08/2026-09:17:33] [I] Inference Streams: 1
[08/08/2026-09:17:33] [I] ExposeDMA: Disabled
[08/08/2026-09:17:33] [I] Data transfers: Enabled
[08/08/2026-09:17:33] [I] Spin-wait: Disabled
[08/08/2026-09:17:33] [I] Multithreading: Disabled
[08/08/2026-09:17:33] [I] CUDA Graph: Disabled
[08/08/2026-09:17:33] [I] Separate profiling: Disabled
[08/08/2026-09:17:33] [I] Time Deserialize: Disabled
[08/08/2026-09:17:33] [I] Time Refit: Disabled
[08/08/2026-09:17:33] [I] NVTX verbosity: 0
[08/08/2026-09:17:33] [I] Persistent Cache Ratio: 0
[08/08/2026-09:17:33] [I] Optimization Profile Index: 0
[08/08/2026-09:17:33] [I] Weight Streaming Budget: 100.000000%
[08/08/2026-09:17:33] [I] Inputs:
[08/08/2026-09:17:33] [I] Debug Tensor Save Destinations:
[08/08/2026-09:17:33] [I] === Reporting Options ===
[08/08/2026-09:17:33] [I] Verbose: Disabled
[08/08/2026-09:17:33] [I] Averages: 10 inferences
[08/08/2026-09:17:33] [I] Percentiles: 90,95,99
[08/08/2026-09:17:33] [I] Dump refittable layers:Disabled
[08/08/2026-09:17:33] [I] Dump output: Disabled
[08/08/2026-09:17:33] [I] Profile: Disabled
[08/08/2026-09:17:33] [I] Export timing to JSON file: 
[08/08/2026-09:17:33] [I] Export output to JSON file: 
[08/08/2026-09:17:33] [I] Export profile to JSON file: 
[08/08/2026-09:17:33] [I] 
[08/08/2026-09:17:33] [I] === Device Information ===
[08/08/2026-09:17:33] [I] Available Devices: 
[08/08/2026-09:17:33] [I]   Device 0: "NVIDIA GeForce RTX 5060 Laptop GPU" UUID: GPU-6335a5ad-bd60-e1e3-df7f-72802a2d63ac
[08/08/2026-09:17:33] [I] Selected Device: NVIDIA GeForce RTX 5060 Laptop GPU
[08/08/2026-09:17:33] [I] Selected Device ID: 0
[08/08/2026-09:17:33] [I] Selected Device UUID: GPU-6335a5ad-bd60-e1e3-df7f-72802a2d63ac
[08/08/2026-09:17:33] [I] Compute Capability: 12.0
[08/08/2026-09:17:33] [I] SMs: 26
[08/08/2026-09:17:33] [I] Device Global Memory: 7696 MiB
[08/08/2026-09:17:33] [I] Shared Memory per SM: 100 KiB
[08/08/2026-09:17:33] [I] Memory Bus Width: 128 bits (ECC disabled)
[08/08/2026-09:17:33] [I] Application Compute Clock Rate: 2.212 GHz
[08/08/2026-09:17:33] [I] Application Memory Clock Rate: 12.001 GHz
[08/08/2026-09:17:33] [I] 
[08/08/2026-09:17:33] [I] Note: The application clock rates do not reflect the actual clock rates that the GPU is currently running at.
[08/08/2026-09:17:33] [I] 
[08/08/2026-09:17:33] [I] TensorRT version: 10.8.0
[08/08/2026-09:17:33] [I] Loading standard plugins
[08/08/2026-09:17:33] [I] [TRT] [MemUsageChange] Init CUDA: CPU +2, GPU +0, now: CPU 38, GPU 734 (MiB)
[08/08/2026-09:17:35] [I] [TRT] [MemUsageChange] Init builder kernel library: CPU +3103, GPU +488, now: CPU 3343, GPU 1222 (MiB)
[08/08/2026-09:17:35] [I] Start parsing network model.
[08/08/2026-09:17:35] [I] [TRT] ----------------------------------------------------------------
[08/08/2026-09:17:35] [I] [TRT] Input filename:   /home/jjateen/.pipegen/jjateen97/81a5670e-0f65-4a7c-b218-95fe113eee09/src1/ONNX-YOLOv8-Object-Detection/models/yolov8m.onnx
[08/08/2026-09:17:35] [I] [TRT] ONNX IR version:  0.0.10
[08/08/2026-09:17:35] [I] [TRT] Opset version:    22
[08/08/2026-09:17:35] [I] [TRT] Producer name:    pytorch
[08/08/2026-09:17:35] [I] [TRT] Producer version: 2.9.0
[08/08/2026-09:17:35] [I] [TRT] Domain:           
[08/08/2026-09:17:35] [I] [TRT] Model version:    0
[08/08/2026-09:17:35] [I] [TRT] Doc string:       
[08/08/2026-09:17:35] [I] [TRT] ----------------------------------------------------------------
[08/08/2026-09:17:35] [I] Finished parsing network model. Parse time: 0.152509
[08/08/2026-09:17:35] [I] [TRT] Local timing cache in use. Profiling results in this builder pass will not be stored.
[08/08/2026-09:22:07] [I] [TRT] Detected 1 inputs and 3 output network tensors.
[08/08/2026-09:22:09] [I] [TRT] Total Host Persistent Memory: 495776 bytes
[08/08/2026-09:22:09] [I] [TRT] Total Device Persistent Memory: 0 bytes
[08/08/2026-09:22:09] [I] [TRT] Max Scratch Memory: 0 bytes
[08/08/2026-09:22:09] [I] [TRT] [BlockAssignment] Started assigning block shifts. This will take 142 steps to complete.
[08/08/2026-09:22:09] [I] [TRT] [BlockAssignment] Algorithm ShiftNTopDown took 3.79152ms to assign 12 blocks to 142 nodes requiring 21199360 bytes.
[08/08/2026-09:22:09] [I] [TRT] Total Activation Memory: 21196800 bytes
[08/08/2026-09:22:09] [I] [TRT] Total Weights Memory: 51881476 bytes
[08/08/2026-09:22:09] [I] [TRT] Engine generation completed in 273.473 seconds.
[08/08/2026-09:22:09] [I] [TRT] [MemUsageStats] Peak memory usage of TRT CPU/GPU memory allocators: CPU 3 MiB, GPU 196 MiB
[08/08/2026-09:22:09] [I] Engine built in 273.536 sec.
[08/08/2026-09:22:09] [I] Created engine with size: 54.5568 MiB
[08/08/2026-09:22:09] [I] [TRT] Loaded engine size: 54 MiB
[08/08/2026-09:22:09] [I] Engine deserialized in 0.0311708 sec.
[08/08/2026-09:22:09] [I] [TRT] [MemUsageChange] TensorRT-managed allocation in IExecutionContext creation: CPU +0, GPU +20, now: CPU 0, GPU 69 (MiB)
[08/08/2026-09:22:09] [I] Setting persistentCacheLimit to 0 bytes.
[08/08/2026-09:22:09] [I] Created execution context with device memory size: 20.2148 MiB
[08/08/2026-09:22:09] [I] Using random values for input images
[08/08/2026-09:22:09] [I] Input binding for images with dimensions 1x3x480x640 is created.
[08/08/2026-09:22:09] [I] Output binding for output0 with dimensions 1x84x6300 is created.
[08/08/2026-09:22:09] [I] Starting inference
[08/08/2026-09:22:12] [I] Warmup completed 79 queries over 200 ms
[08/08/2026-09:22:12] [I] Timing trace has 1114 queries over 3.00674 s
[08/08/2026-09:22:12] [I] 
[08/08/2026-09:22:12] [I] === Trace details ===
[08/08/2026-09:22:12] [I] Trace averages of 10 runs:
[08/08/2026-09:22:12] [I] Average on 10 runs - GPU latency: 2.59046 ms - Host latency: 3.02045 ms (enqueue 1.18534 ms)
[08/08/2026-09:22:12] [I] Average on 10 runs - GPU latency: 2.60691 ms - Host latency: 3.04104 ms (enqueue 1.04943 ms)
[08/08/2026-09:22:12] [I] Average on 10 runs - GPU latency: 2.58889 ms - Host latency: 3.0196 ms (enqueue 1.07454 ms)
[08/08/2026-09:22:12] [I] Average on 10 runs - GPU latency: 2.57597 ms - Host latency: 3.00916 ms (enqueue 0.991531 ms)
[08/08/2026-09:22:12] [I] Average on 10 runs - GPU latency: 2.59954 ms - Host latency: 3.03081 ms (enqueue 1.05717 ms)
[08/08/2026-09:22:12] [I] Average on 10 runs - GPU latency: 2.59487 ms - Host latency: 3.02728 ms (enqueue 1.03146 ms)
[08/08/2026-09:22:12] [I] Average on 10 runs - GPU latency: 2.58858 ms - Host latency: 3.02013 ms (enqueue 1.07754 ms)
[08/08/2026-09:22:12] [I] Average on 10 runs - GPU latency: 2.61219 ms - Host latency: 3.04418 ms (enqueue 0.906705 ms)
[08/08/2026-09:22:12] [I] Average on 10 runs - GPU latency: 2.5996 ms - Host latency: 3.03017 ms (enqueue 0.886023 ms)
[08/08/2026-09:22:12] [I] Average on 10 runs - GPU latency: 2.60009 ms - Host latency: 3.02507 ms (enqueue 0.838953 ms)
[08/08/2026-09:22:12] [I] Average on 10 runs - GPU latency: 2.59596 ms - Host latency: 3.02861 ms (enqueue 0.953308 ms)
[08/08/2026-09:22:12] [I] Average on 10 runs - GPU latency: 2.59875 ms - Host latency: 3.0296 ms (enqueue 0.897623 ms)
[08/08/2026-09:22:12] [I] Average on 10 runs - GPU latency: 2.60056 ms - Host latency: 3.03576 ms (enqueue 0.847748 ms)
[08/08/2026-09:22:12] [I] Average on 10 runs - GPU latency: 2.60423 ms - Host latency: 3.01376 ms (enqueue 0.55979 ms)
[08/08/2026-09:22:12] [I] Average on 10 runs - GPU latency: 2.59063 ms - Host latency: 3.00404 ms (enqueue 0.550861 ms)
[08/08/2026-09:22:12] [I] Average on 10 runs - GPU latency: 2.5955 ms - Host latency: 3.0254 ms (enqueue 1.08351 ms)
[08/08/2026-09:22:12] [I] Average on 10 runs - GPU latency: 2.61221 ms - Host latency: 3.04219 ms (enqueue 1.0788 ms)
[08/08/2026-09:22:12] [I] Average on 10 runs - GPU latency: 2.59759 ms - Host latency: 3.02563 ms (enqueue 1.09808 ms)
[08/08/2026-09:22:12] [I] Average on 10 runs - GPU latency: 2.59073 ms - Host latency: 3.0239 ms (enqueue 1.09322 ms)
[08/08/2026-09:22:12] [I] Average on 10 runs - GPU latency: 2.59378 ms - Host latency: 3.02272 ms (enqueue 1.10703 ms)
[08/08/2026-09:22:12] [I] Average on 10 runs - GPU latency: 2.63629 ms - Host latency: 3.06752 ms (enqueue 1.07585 ms)
[08/08/2026-09:22:12] [I] Average on 10 runs - GPU latency: 2.70983 ms - Host latency: 3.14294 ms (enqueue 1.11214 ms)
[08/08/2026-09:22:12] [I] Average on 10 runs - GPU latency: 2.92135 ms - Host latency: 3.3486 ms (enqueue 0.805487 ms)
[08/08/2026-09:22:12] [I] Average on 10 runs - GPU latency: 3.1093 ms - Host latency: 3.53813 ms (enqueue 1.02455 ms)
[08/08/2026-09:22:12] [I] Average on 10 runs - GPU latency: 3.24411 ms - Host latency: 3.67776 ms (enqueue 1.14247 ms)
[08/08/2026-09:22:12] [I] Average on 10 runs - GPU latency: 3.29083 ms - Host latency: 3.72196 ms (enqueue 1.18271 ms)
[08/08/2026-09:22:12] [I] Average on 10 runs - GPU latency: 3.22772 ms - Host latency: 3.66002 ms (enqueue 1.1637 ms)
[08/08/2026-09:22:12] [I] Average on 10 runs - GPU latency: 3.10464 ms - Host latency: 3.53786 ms (enqueue 1.09702 ms)
[08/08/2026-09:22:12] [I] Average on 10 runs - GPU latency: 3.02867 ms - Host latency: 3.46291 ms (enqueue 1.19229 ms)
[08/08/2026-09:22:12] [I] Average on 10 runs - GPU latency: 2.94012 ms - Host latency: 3.37376 ms (enqueue 1.21966 ms)
[08/08/2026-09:22:12] [I] Average on 10 runs - GPU latency: 2.79102 ms - Host latency: 3.22795 ms (enqueue 1.11511 ms)
[08/08/2026-09:22:12] [I] Average on 10 runs - GPU latency: 2.72346 ms - Host latency: 3.15702 ms (enqueue 1.09241 ms)
[08/08/2026-09:22:12] [I] Average on 10 runs - GPU latency: 2.69259 ms - Host latency: 3.10216 ms (enqueue 0.794067 ms)
[08/08/2026-09:22:12] [I] Average on 10 runs - GPU latency: 2.66781 ms - Host latency: 3.07704 ms (enqueue 0.750647 ms)
[08/08/2026-09:22:12] [I] Average on 10 runs - GPU latency: 2.63982 ms - Host latency: 3.04888 ms (enqueue 0.633948 ms)
[08/08/2026-09:22:12] [I] Average on 10 runs - GPU latency: 2.61693 ms - Host latency: 3.02777 ms (enqueue 0.73595 ms)
[08/08/2026-09:22:12] [I] Average on 10 runs - GPU latency: 2.61388 ms - Host latency: 3.03649 ms (enqueue 1.05682 ms)
[08/08/2026-09:22:12] [I] Average on 10 runs - GPU latency: 2.60737 ms - Host latency: 3.03888 ms (enqueue 0.986304 ms)
[08/08/2026-09:22:12] [I] Average on 10 runs - GPU latency: 2.62667 ms - Host latency: 3.05651 ms (enqueue 1.15059 ms)
[08/08/2026-09:22:12] [I] Average on 10 runs - GPU latency: 2.60355 ms - Host latency: 3.04418 ms (enqueue 1.02839 ms)
[08/08/2026-09:22:12] [I] Average on 10 runs - GPU latency: 2.60448 ms - Host latency: 3.034 ms (enqueue 1.07364 ms)
[08/08/2026-09:22:12] [I] Average on 10 runs - GPU latency: 2.62345 ms - Host latency: 3.05348 ms (enqueue 1.05371 ms)
[08/08/2026-09:22:12] [I] Average on 10 runs - GPU latency: 2.60175 ms - Host latency: 3.03151 ms (enqueue 1.06948 ms)
[08/08/2026-09:22:12] [I] Average on 10 runs - GPU latency: 2.60801 ms - Host latency: 3.04316 ms (enqueue 1.07791 ms)
[08/08/2026-09:22:12] [I] Average on 10 runs - GPU latency: 2.62278 ms - Host latency: 3.05374 ms (enqueue 1.14265 ms)
[08/08/2026-09:22:12] [I] Average on 10 runs - GPU latency: 2.59686 ms - Host latency: 3.02738 ms (enqueue 1.14606 ms)
[08/08/2026-09:22:12] [I] Average on 10 runs - GPU latency: 2.60076 ms - Host latency: 3.03286 ms (enqueue 1.0754 ms)
[08/08/2026-09:22:12] [I] Average on 10 runs - GPU latency: 2.5946 ms - Host latency: 3.02476 ms (enqueue 1.10723 ms)
[08/08/2026-09:22:12] [I] Average on 10 runs - GPU latency: 2.61545 ms - Host latency: 3.04886 ms (enqueue 1.06434 ms)
[08/08/2026-09:22:12] [I] Average on 10 runs - GPU latency: 2.59247 ms - Host latency: 3.02485 ms (enqueue 1.07181 ms)
[08/08/2026-09:22:12] [I] Average on 10 runs - GPU latency: 2.60326 ms - Host latency: 3.03235 ms (enqueue 1.16851 ms)
[08/08/2026-09:22:12] [I] Average on 10 runs - GPU latency: 2.61328 ms - Host latency: 3.04124 ms (enqueue 0.907129 ms)
[08/08/2026-09:22:12] [I] Average on 10 runs - GPU latency: 2.59521 ms - Host latency: 3.02792 ms (enqueue 0.974255 ms)
[08/08/2026-09:22:12] [I] Average on 10 runs - GPU latency: 2.61217 ms - Host latency: 3.04056 ms (enqueue 1.01483 ms)
[08/08/2026-09:22:12] [I] Average on 10 runs - GPU latency: 2.63256 ms - Host latency: 3.08387 ms (enqueue 1.11672 ms)
[08/08/2026-09:22:12] [I] Average on 10 runs - GPU latency: 2.74894 ms - Host latency: 3.1619 ms (enqueue 0.877222 ms)
[08/08/2026-09:22:12] [I] Average on 10 runs - GPU latency: 2.90675 ms - Host latency: 3.32135 ms (enqueue 0.784509 ms)
[08/08/2026-09:22:12] [I] Average on 10 runs - GPU latency: 2.9067 ms - Host latency: 3.32107 ms (enqueue 0.614514 ms)
[08/08/2026-09:22:12] [I] Average on 10 runs - GPU latency: 2.79554 ms - Host latency: 3.20625 ms (enqueue 0.708301 ms)
[08/08/2026-09:22:12] [I] Average on 10 runs - GPU latency: 2.85001 ms - Host latency: 3.28434 ms (enqueue 0.789673 ms)
[08/08/2026-09:22:12] [I] Average on 10 runs - GPU latency: 2.93862 ms - Host latency: 3.37031 ms (enqueue 1.03186 ms)
[08/08/2026-09:22:12] [I] Average on 10 runs - GPU latency: 2.93394 ms - Host latency: 3.36426 ms (enqueue 1.16046 ms)
[08/08/2026-09:22:12] [I] Average on 10 runs - GPU latency: 2.94451 ms - Host latency: 3.37394 ms (enqueue 0.994702 ms)
[08/08/2026-09:22:12] [I] Average on 10 runs - GPU latency: 2.91288 ms - Host latency: 3.33812 ms (enqueue 0.912402 ms)
[08/08/2026-09:22:12] [I] Average on 10 runs - GPU latency: 2.86121 ms - Host latency: 3.2873 ms (enqueue 0.994495 ms)
[08/08/2026-09:22:12] [I] Average on 10 runs - GPU latency: 2.83413 ms - Host latency: 3.26199 ms (enqueue 0.961926 ms)
[08/08/2026-09:22:12] [I] Average on 10 runs - GPU latency: 2.77839 ms - Host latency: 3.21016 ms (enqueue 0.909033 ms)
[08/08/2026-09:22:12] [I] Average on 10 runs - GPU latency: 2.71447 ms - Host latency: 3.12704 ms (enqueue 0.917651 ms)
[08/08/2026-09:22:12] [I] Average on 10 runs - GPU latency: 2.69495 ms - Host latency: 3.14331 ms (enqueue 0.950415 ms)
[08/08/2026-09:22:12] [I] Average on 10 runs - GPU latency: 2.66797 ms - Host latency: 3.08391 ms (enqueue 0.97915 ms)
[08/08/2026-09:22:12] [I] Average on 10 runs - GPU latency: 2.65625 ms - Host latency: 3.08718 ms (enqueue 1.17041 ms)
[08/08/2026-09:22:12] [I] Average on 10 runs - GPU latency: 2.63867 ms - Host latency: 3.0759 ms (enqueue 1.02988 ms)
[08/08/2026-09:22:12] [I] Average on 10 runs - GPU latency: 2.62812 ms - Host latency: 3.06013 ms (enqueue 1.12571 ms)
[08/08/2026-09:22:12] [I] Average on 10 runs - GPU latency: 2.61292 ms - Host latency: 3.04277 ms (enqueue 1.08152 ms)
[08/08/2026-09:22:12] [I] Average on 10 runs - GPU latency: 2.61428 ms - Host latency: 3.04395 ms (enqueue 1.0542 ms)
[08/08/2026-09:22:12] [I] Average on 10 runs - GPU latency: 2.57744 ms - Host latency: 3.00657 ms (enqueue 1.0925 ms)
[08/08/2026-09:22:12] [I] Average on 10 runs - GPU latency: 2.58135 ms - Host latency: 3.03518 ms (enqueue 1.11157 ms)
[08/08/2026-09:22:12] [I] Average on 10 runs - GPU latency: 2.58079 ms - Host latency: 3.03093 ms (enqueue 0.828564 ms)
[08/08/2026-09:22:12] [I] Average on 10 runs - GPU latency: 2.56836 ms - Host latency: 2.98223 ms (enqueue 0.682251 ms)
[08/08/2026-09:22:12] [I] Average on 10 runs - GPU latency: 2.57422 ms - Host latency: 3.00681 ms (enqueue 0.846313 ms)
[08/08/2026-09:22:12] [I] Average on 10 runs - GPU latency: 2.57778 ms - Host latency: 3.02007 ms (enqueue 0.856885 ms)
[08/08/2026-09:22:12] [I] Average on 10 runs - GPU latency: 2.56179 ms - Host latency: 2.98479 ms (enqueue 0.776953 ms)
[08/08/2026-09:22:12] [I] Average on 10 runs - GPU latency: 2.56035 ms - Host latency: 2.99277 ms (enqueue 1.07781 ms)
[08/08/2026-09:22:12] [I] Average on 10 runs - GPU latency: 2.56091 ms - Host latency: 2.99285 ms (enqueue 1.07078 ms)
[08/08/2026-09:22:12] [I] Average on 10 runs - GPU latency: 2.56111 ms - Host latency: 2.98994 ms (enqueue 1.11406 ms)
[08/08/2026-09:22:12] [I] Average on 10 runs - GPU latency: 2.56316 ms - Host latency: 2.99348 ms (enqueue 1.15249 ms)
[08/08/2026-09:22:12] [I] Average on 10 runs - GPU latency: 2.5593 ms - Host latency: 2.99011 ms (enqueue 1.11602 ms)
[08/08/2026-09:22:12] [I] Average on 10 runs - GPU latency: 2.55417 ms - Host latency: 2.97332 ms (enqueue 0.655737 ms)
[08/08/2026-09:22:12] [I] Average on 10 runs - GPU latency: 2.5635 ms - Host latency: 2.97322 ms (enqueue 0.742358 ms)
[08/08/2026-09:22:12] [I] Average on 10 runs - GPU latency: 2.61355 ms - Host latency: 3.05149 ms (enqueue 1.04697 ms)
[08/08/2026-09:22:12] [I] Average on 10 runs - GPU latency: 2.62166 ms - Host latency: 3.05203 ms (enqueue 1.08535 ms)
[08/08/2026-09:22:12] [I] Average on 10 runs - GPU latency: 2.64233 ms - Host latency: 3.07493 ms (enqueue 1.07183 ms)
[08/08/2026-09:22:12] [I] Average on 10 runs - GPU latency: 2.65237 ms - Host latency: 3.07502 ms (enqueue 1.03354 ms)
[08/08/2026-09:22:12] [I] Average on 10 runs - GPU latency: 2.68401 ms - Host latency: 3.11357 ms (enqueue 1.12996 ms)
[08/08/2026-09:22:12] [I] Average on 10 runs - GPU latency: 2.71355 ms - Host latency: 3.1542 ms (enqueue 1.11025 ms)
[08/08/2026-09:22:12] [I] Average on 10 runs - GPU latency: 2.74514 ms - Host latency: 3.19624 ms (enqueue 1.18044 ms)
[08/08/2026-09:22:12] [I] Average on 10 runs - GPU latency: 2.7832 ms - Host latency: 3.22114 ms (enqueue 0.806128 ms)
[08/08/2026-09:22:12] [I] Average on 10 runs - GPU latency: 2.79004 ms - Host latency: 3.22144 ms (enqueue 0.830933 ms)
[08/08/2026-09:22:12] [I] Average on 10 runs - GPU latency: 2.82263 ms - Host latency: 3.25444 ms (enqueue 0.891821 ms)
[08/08/2026-09:22:12] [I] Average on 10 runs - GPU latency: 2.8292 ms - Host latency: 3.26094 ms (enqueue 0.898218 ms)
[08/08/2026-09:22:12] [I] Average on 10 runs - GPU latency: 2.82607 ms - Host latency: 3.25815 ms (enqueue 0.955884 ms)
[08/08/2026-09:22:12] [I] Average on 10 runs - GPU latency: 2.81013 ms - Host latency: 3.24143 ms (enqueue 0.940381 ms)
[08/08/2026-09:22:12] [I] Average on 10 runs - GPU latency: 2.73511 ms - Host latency: 3.16499 ms (enqueue 1.00566 ms)
[08/08/2026-09:22:12] [I] Average on 10 runs - GPU latency: 2.72664 ms - Host latency: 3.15996 ms (enqueue 1.12183 ms)
[08/08/2026-09:22:12] [I] Average on 10 runs - GPU latency: 2.71594 ms - Host latency: 3.14526 ms (enqueue 1.17805 ms)
[08/08/2026-09:22:12] [I] Average on 10 runs - GPU latency: 2.70388 ms - Host latency: 3.13191 ms (enqueue 1.16182 ms)
[08/08/2026-09:22:12] [I] Average on 10 runs - GPU latency: 2.74697 ms - Host latency: 3.17732 ms (enqueue 1.02729 ms)
[08/08/2026-09:22:12] [I] Average on 10 runs - GPU latency: 2.67822 ms - Host latency: 3.08896 ms (enqueue 0.996826 ms)
[08/08/2026-09:22:12] [I] Average on 10 runs - GPU latency: 2.67271 ms - Host latency: 3.08347 ms (enqueue 0.94082 ms)
[08/08/2026-09:22:12] [I] Average on 10 runs - GPU latency: 2.64751 ms - Host latency: 3.05791 ms (enqueue 0.905322 ms)
[08/08/2026-09:22:12] [I] Average on 10 runs - GPU latency: 2.63247 ms - Host latency: 3.04294 ms (enqueue 1.01987 ms)
[08/08/2026-09:22:12] [I] 
[08/08/2026-09:22:12] [I] === Performance summary ===
[08/08/2026-09:22:12] [I] Throughput: 370.5 qps
[08/08/2026-09:22:12] [I] Latency: min = 2.93338 ms, max = 3.81665 ms, mean = 3.12434 ms, median = 3.08844 ms, percentile(90%) = 3.34436 ms, percentile(95%) = 3.47339 ms, percentile(99%) = 3.74133 ms
[08/08/2026-09:22:12] [I] Enqueue Time: min = 0.43042 ms, max = 1.54401 ms, mean = 0.993713 ms, median = 1.01547 ms, percentile(90%) = 1.27222 ms, percentile(95%) = 1.36865 ms, percentile(99%) = 1.4563 ms
[08/08/2026-09:22:12] [I] H2D Latency: min = 0.259644 ms, max = 0.425293 ms, mean = 0.268468 ms, median = 0.265991 ms, percentile(90%) = 0.277588 ms, percentile(95%) = 0.287231 ms, percentile(99%) = 0.30542 ms
[08/08/2026-09:22:12] [I] GPU Compute Time: min = 2.50192 ms, max = 3.38245 ms, mean = 2.69549 ms, median = 2.66143 ms, percentile(90%) = 2.91553 ms, percentile(95%) = 3.05566 ms, percentile(99%) = 3.3103 ms
[08/08/2026-09:22:12] [I] D2H Latency: min = 0.146484 ms, max = 0.211426 ms, mean = 0.160385 ms, median = 0.162842 ms, percentile(90%) = 0.166504 ms, percentile(95%) = 0.169067 ms, percentile(99%) = 0.178711 ms
[08/08/2026-09:22:12] [I] Total Host Walltime: 3.00674 s
[08/08/2026-09:22:12] [I] Total GPU Compute Time: 3.00278 s
[08/08/2026-09:22:12] [W] * GPU compute time is unstable, with coefficient of variance = 6.12975%.
[08/08/2026-09:22:12] [W]   If not already in use, locking GPU clock frequency or adding --useSpinWait may improve the stability.
[08/08/2026-09:22:12] [I] Explanations of the performance metrics are printed in the verbose logs.
[08/08/2026-09:22:12] [I] 
&&&& PASSED TensorRT.trtexec [TensorRT v100800] [b43] # trtexec --onnx=/home/jjateen/.pipegen/jjateen97/81a5670e-0f65-4a7c-b218-95fe113eee09/src1/ONNX-YOLOv8-Object-Detection/models/yolov8m.onnx --fp16 --saveEngine=/home/jjateen/personal/pipegen/adas-lite/pipelines/engines/yolov8m.fp16.engine
